V "4.5.1.0 Nov 29 2017"
R
U 0
U 0
U 0
U 0
C 350
R
U 0
U 0
U 0
U 0
C 350
R
C 3
= 0x7fa560920688
R
P 0x7fa560920688
S "model"
S "true"
C 5
R
P 0x7fa560920688
C 7
= 0x7fa560920798
R
P 0x7fa560920688
C 4
R
P 0x7fa560920798
U 3
C 327
R
P 0x7fa560920798
C 347
R
P 0x7fa560920798
C 416
= 0x7fa560979918
R
P 0x7fa560920798
C 347
R
P 0x7fa560920798
P 0x7fa560979918
C 424
R
P 0x7fa560920798
C 347
R
P 0x7fa560920798
S "true"
C 30
R
P 0x7fa560920798
C 347
R
P 0x7fa560920798
C 32
= 0x7fa560941f88
R
P 0x7fa560920798
C 347
R
P 0x7fa560920798
P 0x7fa560941f88
C 9
R
P 0x7fa560920798
C 347
R
P 0x7fa560920798
$ |true|
P 0x7fa560941f88
C 51
= 0x7fa560942968
R
P 0x7fa560920798
C 347
R
P 0x7fa560920798
P 0x7fa560942968
C 255
R
P 0x7fa560920798
C 347
R
P 0x7fa560920798
P 0x7fa560942968
C 252
= 0x7fa560941f88
R
P 0x7fa560920798
C 347
R
P 0x7fa560920798
P 0x7fa560941f88
C 207
R
P 0x7fa560920798
C 347
R
P 0x7fa560920798
P 0x7fa560942968
C 258
R
P 0x7fa560920798
C 347
R
P 0x7fa560920798
P 0x7fa560942968
C 257
R
P 0x7fa560920798
C 347
R
P 0x7fa560920798
P 0x7fa560942968
C 9
R
P 0x7fa560920798
C 347
